#
# A fatal error has been detected by the Java Runtime Environment:
#
#  EXCEPTION_ACCESS_VIOLATION (0xc0000005) at pc=0x00007ffd85eb1b85, pid=16972, tid=7652
#
# JRE version:  (24.0.2+12) (build )
# Java VM: OpenJDK 64-Bit Server VM (24.0.2+12-54, mixed mode, sharing, tiered, compressed class ptrs, unknown gc, windows-amd64)
# Problematic frame:
# C  [jimage.dll+0x1b85]
#
# No core dump will be written. Minidumps are not enabled by default on client versions of Windows
#
#

---------------  S U M M A R Y ------------

Command Line: 

Host: Intel(R) Core(TM) i7-8650U CPU @ 1.90GHz, 8 cores, 15G,  Windows 11 , 64 bit Build 26100 (10.0.26100.5074)
Time: Fri Sep 12 11:36:27 2025 Västeuropa, sommartid elapsed time: 0.026075 seconds (0d 0h 0m 0s)

---------------  T H R E A D  ---------------

Current thread is native thread

Stack: [0x0000009bd1c00000,0x0000009bd1d00000],  sp=0x0000009bd1cfd400,  free space=1013k
Native frames: (J=compiled Java code, j=interpreted, Vv=VM code, C=native code)
C  [jimage.dll+0x1b85]  (no source info available)
C  [jimage.dll+0x1d13]  (no source info available)
C  [jimage.dll+0x25dd]  (no source info available)
V  [jvm.dll+0x243ce2]  (no source info available)
V  [jvm.dll+0xd26f0]  (no source info available)
V  [jvm.dll+0x885973]  (no source info available)
V  [jvm.dll+0x495e7e]  (no source info available)
V  [jvm.dll+0x497c51]  (no source info available)
C  [jli.dll+0x52a1]  (no source info available)
C  [ucrtbase.dll+0x37b0]  (no source info available)
C  [KERNEL32.DLL+0x2e8d7]  (no source info available)
C  [ntdll.dll+0x8d9c]  (no source info available)


siginfo: EXCEPTION_ACCESS_VIOLATION (0xc0000005), reading address 0x000000000000faac


Registers:
RAX=0x0000000000003ea4, RBX=0x0000009bd1cfd4f1, RCX=0x00007ffd85eb6000, RDX=0x0000000000003ea4
RSP=0x0000009bd1cfd400, RBP=0x0000009bd1cfd4f0, RSI=0x00000000000075ed, RDI=0x0000009bd1cfd4f0
R8 =0x00007ffd85eb4298, R9 =0x000000000000001c, R10=0x00007ffd8b490000, R11=0x00007ffd85eb6000
R12=0x0000000000000000, R13=0x0000009bd1cff6e0, R14=0x0000009bd1cfe560, R15=0x00007ffcc88cee20
RIP=0x00007ffd85eb1b85, EFLAGS=0x0000000000010246

XMM[0]=0x0000000000000000 0x0000000000000000
XMM[1]=0x2f6d762f6c616e72 0x65746e692f6b646a
XMM[2]=0x736e6f6974706f2f 0x6d762f6c616e7265
XMM[3]=0x0000000000000000 0x0000000000000000
XMM[4]=0x0000000000000000 0x0000000000000000
XMM[5]=0x0000000000000000 0x0000000000000000
XMM[6]=0x0000000000000000 0x0000000000000000
XMM[7]=0x0000000000000000 0x0000000000000000
XMM[8]=0x0000000000000000 0x0000000000000000
XMM[9]=0x0000000000000000 0x0000000000000000
XMM[10]=0x0000000000000000 0x0000000000000000
XMM[11]=0x0000000000000000 0x0000000000000000
XMM[12]=0x0000000000000000 0x0000000000000000
XMM[13]=0x0000000000000000 0x0000000000000000
XMM[14]=0x0000000000000000 0x0000000000000000
XMM[15]=0x0000000000000000 0x0000000000000000
  MXCSR=0x00001f80


Top of Stack: (sp=0x0000009bd1cfd400)
0x0000009bd1cfd400:   0000000000000000 0000000000000000   ................
0x0000009bd1cfd410:   0000000000000000 0000000000000000   ................
0x0000009bd1cfd420:   000002461e35e800 00007ffd85eb1d13   ..5.F...........
0x0000009bd1cfd430:   000000000000000b 000002461e35e800   ..........5.F...
0x0000009bd1cfd440:   0000000000000000 0000000000000000   ................
0x0000009bd1cfd450:   0000000000000000 0000000000000000   ................
0x0000009bd1cfd460:   0000000000000000 0000000000000000   ................
0x0000009bd1cfd470:   0000003600000000 0000000000000000   ....6...........
0x0000009bd1cfd480:   0000000000000000 0000000000000000   ................
0x0000009bd1cfd490:   00006d7a115e5599 0000000000000000   .U^.zm..........
0x0000009bd1cfd4a0:   00007ffcc88abdf0 0000000000000017   ................
0x0000009bd1cfd4b0:   000002461e35e800 0000009bd1cfe560   ..5.F...`.......
0x0000009bd1cfd4c0:   000000000000000b 00007ffd85eb25dd   .........%......
0x0000009bd1cfd4d0:   0000000000000000 0000000000000000   ................
0x0000009bd1cfd4e0:   000002461e35e880 0000000000000000   ..5.F...........
0x0000009bd1cfd4f0:   61622e6176616a2f 692f6b646a2f6573   /java.base/jdk/i
0x0000009bd1cfd500:   2f6c616e7265746e 6f6974706f2f6d76   nternal/vm/optio
0x0000009bd1cfd510:   000000000000736e 0000000000000000   ns..............
0x0000009bd1cfd520:   0000000000000000 0000000000000000   ................
0x0000009bd1cfd530:   00000246207ebd70 0000000000000000   p.~ F...........
0x0000009bd1cfd540:   0000000000000000 0000000000000000   ................
0x0000009bd1cfd550:   0000000000000000 0000000000000000   ................
0x0000009bd1cfd560:   0000000000000000 0000000000000000   ................
0x0000009bd1cfd570:   0000000000000000 0000000000000000   ................
0x0000009bd1cfd580:   0000000000000000 0000000000000000   ................
0x0000009bd1cfd590:   0000000000000000 0000000000000000   ................
0x0000009bd1cfd5a0:   0000000000000000 0000000000000000   ................
0x0000009bd1cfd5b0:   0000000000000000 0000000000000000   ................
0x0000009bd1cfd5c0:   0000000000000000 0000000000000000   ................
0x0000009bd1cfd5d0:   00000246207eb610 000000000000001a   ..~ F...........
0x0000009bd1cfd5e0:   0000000000008210 00000000000081fe   ................
0x0000009bd1cfd5f0:   0000000000008210 00007ffd97106e64   ........dn......

Instructions: (pc=0x00007ffd85eb1b85)
  0x00007ffd85eb1a85:   48 85 c9 74 1d 80 3d 7f 45 00 00 00 74 06 48 8b
  0x00007ffd85eb1a95:   53 18 eb 04 48 8b 53 40 e8 9a 0e 00 00 48 83 63
  0x00007ffd85eb1aa5:   48 00 8b 4b 0c 83 f9 ff 74 09 e8 d0 0c 00 00 83
  0x00007ffd85eb1ab5:   4b 0c ff 48 8b 4b 70 48 85 c9 74 0f ba 10 00 00
  0x00007ffd85eb1ac5:   00 e8 f1 0e 00 00 48 83 63 70 00 48 83 c4 20 5b
  0x00007ffd85eb1ad5:   c3 cc cc 40 53 48 83 ec 20 48 8b d9 48 8d 0d 38
  0x00007ffd85eb1ae5:   47 00 00 e8 9f 0c 00 00 83 6b 08 01 75 24 48 8b
  0x00007ffd85eb1af5:   d3 48 8d 0d 1b 45 00 00 e8 22 08 00 00 48 8b cb
  0x00007ffd85eb1b05:   e8 d6 fe ff ff ba 78 00 00 00 48 8b cb e8 a5 0e
  0x00007ffd85eb1b15:   00 00 48 8d 0d 02 47 00 00 48 83 c4 20 5b e9 6c
  0x00007ffd85eb1b25:   0c 00 00 48 89 5c 24 08 48 89 74 24 10 57 48 83
  0x00007ffd85eb1b35:   ec 20 41 8b f1 4d 8b c8 48 8b fa 4c 8b d9 4d 85
  0x00007ffd85eb1b45:   c0 74 78 85 f6 74 74 44 8a 12 48 8d 5a 01 48 8b
  0x00007ffd85eb1b55:   d3 b8 93 01 00 01 eb 12 69 c0 93 01 00 01 41 0f
  0x00007ffd85eb1b65:   b6 ca 44 8a 12 33 c1 48 ff c2 45 84 d2 75 e9 4d
  0x00007ffd85eb1b75:   8b 03 0f ba f0 1f 33 d2 49 8b cb f7 f6 48 63 c2
=>0x00007ffd85eb1b85:   41 8b 14 81 41 ff 50 08 85 c0 7e 24 8a 0f eb 10
  0x00007ffd85eb1b95:   69 c0 93 01 00 01 0f b6 c9 33 c1 8a 0b 48 ff c3
  0x00007ffd85eb1ba5:   84 c9 75 ec 0f ba f0 1f 33 d2 f7 f6 8b c2 eb 0e
  0x00007ffd85eb1bb5:   79 09 83 c9 ff 2b c8 8b c1 eb 03 83 c8 ff 48 8b
  0x00007ffd85eb1bc5:   5c 24 30 48 8b 74 24 38 48 83 c4 20 5f c3 cc 48
  0x00007ffd85eb1bd5:   89 5c 24 08 48 89 74 24 10 57 48 83 ec 20 48 8b
  0x00007ffd85eb1be5:   f1 48 8d 0d 33 46 00 00 e8 9a 0b 00 00 33 ff 39
  0x00007ffd85eb1bf5:   3d 1e 44 00 00 76 24 48 8b 05 1d 44 00 00 48 8b
  0x00007ffd85eb1c05:   d6 48 8b 1c f8 48 8b 0b e8 68 1e 00 00 85 c0 74
  0x00007ffd85eb1c15:   2b ff c7 3b 3d fa 43 00 00 72 dc 33 db 48 8d 0d
  0x00007ffd85eb1c25:   f7 45 00 00 e8 66 0b 00 00 48 8b 74 24 38 48 8b
  0x00007ffd85eb1c35:   c3 48 8b 5c 24 30 48 83 c4 20 5f c3 ff 43 08 eb
  0x00007ffd85eb1c45:   dc cc cc 48 89 5c 24 08 48 89 74 24 10 57 48 83
  0x00007ffd85eb1c55:   ec 20 48 8b d9 48 8b f2 48 8b 49 10 49 8b f8 8b
  0x00007ffd85eb1c65:   53 30 48 8b 01 ff 50 20 4c 8b 43 50 48 8b d6 48
  0x00007ffd85eb1c75:   8b 4b 10 44 8b c8 e8 a8 fe ff ff 83 f8 ff 74 38



---------------  P R O C E S S  ---------------

VM state: not at safepoint (not fully initialized)

VM Mutex/Monitor currently owned by a thread: None

CDS archive(s) mapped at: [0x0000000000000000-0x0000000000000000-0x0000000000000000), size 0, SharedBaseAddress: 0x0000000800000000, ArchiveRelocationMode: 1.
UseCompressedClassPointers 1, UseCompactObjectHeaders 0
Narrow klass pointer bits -1, Max shift -1
Narrow klass base: 0xffffffffffffffff, Narrow klass shift: -1
Encoding Range: [0xffffffffffffffff - 0x3fffffffffffffff), (4611686018427387904 bytes)
Klass Range:    [0x0000000000000000 - 0x0000000000000000), (0 bytes)
Klass ID Range:  [4294967295 - 0) (1)

GC Precious Log:
<Not initialized>


Dynamic libraries:
0x00007ff6deed0000 - 0x00007ff6deede000 	C:\Users\fatem\.jdks\openjdk-24.0.2+12-54\bin\java.exe
0x00007ffd970e0000 - 0x00007ffd97349000 	C:\WINDOWS\SYSTEM32\ntdll.dll
0x00007ffd6dc70000 - 0x00007ffd6dc90000 	C:\Program Files\Norton\Suite\aswhook.dll
0x00007ffd95960000 - 0x00007ffd95a29000 	C:\WINDOWS\System32\KERNEL32.DLL
0x00007ffd94670000 - 0x00007ffd94a63000 	C:\WINDOWS\System32\KERNELBASE.dll
0x00007ffd94a70000 - 0x00007ffd94bbb000 	C:\WINDOWS\System32\ucrtbase.dll
0x00007ffd8b5f0000 - 0x00007ffd8b606000 	C:\Users\fatem\.jdks\openjdk-24.0.2+12-54\bin\jli.dll
0x00007ffd8b490000 - 0x00007ffd8b4ab000 	C:\Users\fatem\.jdks\openjdk-24.0.2+12-54\bin\VCRUNTIME140.dll
0x00007ffd95b90000 - 0x00007ffd95d54000 	C:\WINDOWS\System32\USER32.dll
0x00007ffd94640000 - 0x00007ffd94667000 	C:\WINDOWS\System32\win32u.dll
0x00007ffd78fd0000 - 0x00007ffd79263000 	C:\WINDOWS\WinSxS\amd64_microsoft.windows.common-controls_6595b64144ccf1df_6.0.26100.5074_none_3e0d6f78e32fd63f\COMCTL32.dll
0x00007ffd95a30000 - 0x00007ffd95a5b000 	C:\WINDOWS\System32\GDI32.dll
0x00007ffd96c70000 - 0x00007ffd96d19000 	C:\WINDOWS\System32\msvcrt.dll
0x00007ffd943e0000 - 0x00007ffd9450d000 	C:\WINDOWS\System32\gdi32full.dll
0x00007ffd94bc0000 - 0x00007ffd94c63000 	C:\WINDOWS\System32\msvcp_win.dll
0x00007ffd94f50000 - 0x00007ffd94f7f000 	C:\WINDOWS\System32\IMM32.DLL
0x00007ffd86e80000 - 0x00007ffd86e8c000 	C:\Users\fatem\.jdks\openjdk-24.0.2+12-54\bin\vcruntime140_1.dll
0x00007ffd6ef40000 - 0x00007ffd6efce000 	C:\Users\fatem\.jdks\openjdk-24.0.2+12-54\bin\msvcp140.dll
0x00007ffcc7eb0000 - 0x00007ffcc8c51000 	C:\Users\fatem\.jdks\openjdk-24.0.2+12-54\bin\server\jvm.dll
0x00007ffd96bb0000 - 0x00007ffd96c64000 	C:\WINDOWS\System32\ADVAPI32.dll
0x00007ffd95ae0000 - 0x00007ffd95b86000 	C:\WINDOWS\System32\sechost.dll
0x00007ffd95d60000 - 0x00007ffd95e78000 	C:\WINDOWS\System32\RPCRT4.dll
0x00007ffd953a0000 - 0x00007ffd95414000 	C:\WINDOWS\System32\WS2_32.dll
0x00007ffd940d0000 - 0x00007ffd9412e000 	C:\WINDOWS\SYSTEM32\POWRPROF.dll
0x00007ffd8d3c0000 - 0x00007ffd8d3cb000 	C:\WINDOWS\SYSTEM32\VERSION.dll
0x00007ffd788c0000 - 0x00007ffd788f5000 	C:\WINDOWS\SYSTEM32\WINMM.dll
0x00007ffd940b0000 - 0x00007ffd940c4000 	C:\WINDOWS\SYSTEM32\UMPDC.dll
0x00007ffd93010000 - 0x00007ffd9302b000 	C:\WINDOWS\SYSTEM32\kernel.appcore.dll
0x00007ffd85eb0000 - 0x00007ffd85eba000 	C:\Users\fatem\.jdks\openjdk-24.0.2+12-54\bin\jimage.dll
0x00007ffd91a70000 - 0x00007ffd91cb2000 	C:\WINDOWS\SYSTEM32\DBGHELP.DLL
0x00007ffd96d20000 - 0x00007ffd9709b000 	C:\WINDOWS\System32\combase.dll
0x00007ffd95570000 - 0x00007ffd95647000 	C:\WINDOWS\System32\OLEAUT32.dll
0x00007ffd83b10000 - 0x00007ffd83b4d000 	C:\WINDOWS\SYSTEM32\dbgcore.DLL
0x00007ffd945a0000 - 0x00007ffd94639000 	C:\WINDOWS\System32\bcryptPrimitives.dll

JVMTI agents: none

dbghelp: loaded successfully - version: 4.0.5 - missing functions: none
symbol engine: initialized successfully - sym options: 0x614 - pdb path: .;C:\Users\fatem\.jdks\openjdk-24.0.2+12-54\bin;C:\WINDOWS\SYSTEM32;C:\Program Files\Norton\Suite;C:\WINDOWS\WinSxS\amd64_microsoft.windows.common-controls_6595b64144ccf1df_6.0.26100.5074_none_3e0d6f78e32fd63f;C:\Users\fatem\.jdks\openjdk-24.0.2+12-54\bin\server

VM Arguments:
java_command: <unknown>
java_class_path (initial): <not set>
Launcher Type: SUN_STANDARD

[Global flags]
     bool UseLargePagesIndividualAllocation        = false                                  {pd product} {ergonomic}

Logging:
Log output configuration:
 #0: stdout all=warning uptime,level,tags foldmultilines=false
 #1: stderr all=off uptime,level,tags foldmultilines=false

Environment Variables:
JAVA_HOME=C:\Program Files\Java\jdk-24
PATH=C:\Users\fatem\bin;C:\Program Files\Git\mingw64\bin;C:\Program Files\Git\usr\local\bin;C:\Program Files\Git\usr\bin;C:\Program Files\Git\usr\bin;C:\Program Files\Git\mingw64\bin;C:\Program Files\Git\usr\bin;C:\Users\fatem\bin;C:\Program Files\Common Files\Oracle\Java\javapath;C:\Windows\System32;C:\Windows;C:\Windows\System32\wbem;C:\Windows\System32\WindowsPowerShell\v1.0;C:\Windows\System32\OpenSSH;C:\Program Files\Intel\WiFi\bin;C:\Program Files\Common Files\Intel\WirelessCommon;C:\Program Files\Microsoft SQL Server\150\Tools\Binn;C:\Program Files\Microsoft SQL Server\Client SDK\ODBC\170\Tools\Binn;C:\Program Files (x86)\Intel\Intel(R) Management Engine Components\DAL;C:\Program Files\Intel\Intel(R) Management Engine Components\DAL;C:\Program Files\nodejs;C:\Program Files\GitHub CLI;C:\Program Files\dotnet;C:\Program Files\Git\cmd;C:\Program Files\Docker\Docker\resources\bin;C:\Program Files (x86)\GnuPG\bin;C:\ProgramData\chocolatey\bin;C:\Program Files\Java\jdk-24\bin;C:\Users\fatem\AppData\Local\Programs\Python\Python313\Scripts;C:\Users\fatem\AppData\Local\Programs\Python\Python313;C:\Users\fatem\AppData\Local\Programs\Python\Launcher;C:\Users\fatem\AppData\Local\Microsoft\WindowsApps;C:\Users\fatem\AppData\Local\GitHubDesktop\bin;C:\Users\fatem\AppData\Local\Programs\Microsoft VS Code\bin;C:\ProgramData\fatem\GitHubDesktop\bin;C:\Users\fatem\AppData\Roaming\npm;C:\msys64\ucrt64\bin;C:\Program Files\PostgreSQL\16\bin;C:\Users\fatem\.dotnet\tools;C:\Users\fatem\AppData\Local\Google\Cloud SDK\google-cloud-sdk\bin;C:\Users\fatem\AppData\Local\JetBrains\Toolbox\scripts;C:\Program Files\Git\usr\bin\vendor_perl;C:\Program Files\Git\usr\bin\core_perl
USERNAME=fatem
SHELL=C:\Program Files\Git\usr\bin\bash.exe
DISPLAY=needs-to-be-defined
LC_CTYPE=sv_SE.UTF-8
TERM=xterm
TMPDIR=C:\Users\fatem\AppData\Local\Temp
OS=Windows_NT
PROCESSOR_IDENTIFIER=Intel64 Family 6 Model 142 Stepping 10, GenuineIntel
TMP=C:\Users\fatem\AppData\Local\Temp
TEMP=C:\Users\fatem\AppData\Local\Temp




Periodic native trim disabled

---------------  S Y S T E M  ---------------

OS:
 Windows 11 , 64 bit Build 26100 (10.0.26100.5074)
OS uptime: 0 days 2:40 hours

CPU: total 8 (initial active 0) 
Processor Information for the first 8 processors :
  Max Mhz: 2112, Current Mhz: 1910, Mhz Limit: 1900

Memory: 4k page, system-wide physical 16221M (1849M free)
TotalPageFile size 24925M (AvailPageFile size 7416M)
current process WorkingSet (physical memory assigned to process): 10M, peak: 10M
current process commit charge ("private bytes"): 3M, peak: 3M

vm_info: OpenJDK 64-Bit Server VM (24.0.2+12-54) for windows-amd64 JRE (24.0.2+12-54), built on 2025-07-08T12:10:27Z with MS VC++ 17.6 (VS2022)

END.
